2025-04-29 15:34:18,117 [INFO] Activator:170 - 


2025-04-29 15:34:18,119 [INFO] Activator:171 - !SESSION log4j initialized
2025-04-29 15:34:23,819 [INFO] McuFinderGlobals:40 - Set McuFinder mode to 2 (CubeIDE integrated)
2025-04-29 15:34:24,259 [INFO] ApplicationProperties:181 - Using Application install path: C:\ST\STM32CubeIDE_1.5.1\STM32CubeIDE\plugins\com.st.stm32cube.common.mx_6.1.1.202012091304
2025-04-29 15:34:24,266 [INFO] DbMcusXml:71 - Set database path to: C:\ST\STM32CubeIDE_1.5.1\STM32CubeIDE\plugins\com.st.stm32cube.common.mx_6.1.1.202012091304\\db\/mcu/
2025-04-29 15:34:24,269 [INFO] DbBoardsPdsc:57 - Set plugin database path to: C:\ST\STM32CubeIDE_1.5.1\STM32CubeIDE\plugins\com.st.stm32cube.common.mx_6.1.1.202012091304\\db\/plugins/boardmanager/
2025-04-29 15:34:24,269 [INFO] DbMcus:259 - Set plugin images path to: C:\ST\STM32CubeIDE_1.5.1\STM32CubeIDE\plugins\com.st.stm32cube.common.mx_6.1.1.202012091304\\db\/plugins/mcufinder/images/
2025-04-29 15:34:24,269 [INFO] DbBoards:265 - Set plugin images path to: C:\ST\STM32CubeIDE_1.5.1\STM32CubeIDE\plugins\com.st.stm32cube.common.mx_6.1.1.202012091304\\db\/plugins/mcufinder/images/
2025-04-29 15:34:24,271 [INFO] DbExamples:329 - Set plugin images path to: C:\ST\STM32CubeIDE_1.5.1\STM32CubeIDE\plugins\com.st.stm32cube.common.mx_6.1.1.202012091304\\db\/plugins/mcufinder/images/
2025-04-29 15:34:24,278 [INFO] DbMcusDocs:112 - Set database path to: C:\Users\Alunos\.stmcufinder\plugins\mcufinder//mcu/
2025-04-29 15:34:24,279 [INFO] DbMcusJson:63 - Set database path to: C:\Users\Alunos\.stmcufinder\plugins\mcufinder//mcu/
2025-04-29 15:34:24,279 [INFO] DbBoardsDocs:112 - Set database path to: C:\Users\Alunos\.stmcufinder\plugins\mcufinder//mcu/
2025-04-29 15:34:24,280 [INFO] DbBoardsJson:56 - Set database path to: C:\Users\Alunos\.stmcufinder\plugins\mcufinder//mcu/
2025-04-29 15:34:24,281 [INFO] CrossReferenceDbSqlite:196 - Set database path to: C:\Users\Alunos\.stmcufinder\plugins\mcufinder//mcu/cs/
2025-04-29 15:34:24,283 [INFO] DbExamplesSqlite:699 - Set database path to: C:\Users\Alunos\.stmcufinder\plugins\mcufinder//mcu/
2025-04-29 15:34:24,348 [INFO] RulesReader:52 - Compatibility file has been processed (228 Rules)
2025-04-29 15:34:24,405 [INFO] MicroXplorer:565 - Detected Java Version = 1.8.0_272
2025-04-29 15:34:24,405 [INFO] DbMcusXml:71 - Set database path to: C:\ST\STM32CubeIDE_1.5.1\STM32CubeIDE\plugins\com.st.stm32cube.common.mx_6.1.1.202012091304\\db\/mcu/
2025-04-29 15:34:24,406 [INFO] DbBoardsPdsc:57 - Set plugin database path to: C:\ST\STM32CubeIDE_1.5.1\STM32CubeIDE\plugins\com.st.stm32cube.common.mx_6.1.1.202012091304\\db\/plugins/boardmanager/
2025-04-29 15:34:24,406 [INFO] DbMcus:259 - Set plugin images path to: C:\ST\STM32CubeIDE_1.5.1\STM32CubeIDE\plugins\com.st.stm32cube.common.mx_6.1.1.202012091304\\db\/plugins/mcufinder/images/
2025-04-29 15:34:24,406 [INFO] DbBoards:265 - Set plugin images path to: C:\ST\STM32CubeIDE_1.5.1\STM32CubeIDE\plugins\com.st.stm32cube.common.mx_6.1.1.202012091304\\db\/plugins/mcufinder/images/
2025-04-29 15:34:24,406 [INFO] DbExamples:329 - Set plugin images path to: C:\ST\STM32CubeIDE_1.5.1\STM32CubeIDE\plugins\com.st.stm32cube.common.mx_6.1.1.202012091304\\db\/plugins/mcufinder/images/
2025-04-29 15:34:24,406 [WARN] DbFile:36 - Overriding database path with different value: C:\Users\Alunos\.stmcufinder\plugins\mcufinder/ => C:\Users\Alunos\.stmcufinder\plugins\mcufinder
2025-04-29 15:34:24,406 [INFO] DbMcusDocs:112 - Set database path to: C:\Users\Alunos\.stmcufinder\plugins\mcufinder//mcu/
2025-04-29 15:34:24,406 [WARN] DbFile:36 - Overriding database path with different value: C:\Users\Alunos\.stmcufinder\plugins\mcufinder/ => C:\Users\Alunos\.stmcufinder\plugins\mcufinder
2025-04-29 15:34:24,406 [INFO] DbMcusJson:63 - Set database path to: C:\Users\Alunos\.stmcufinder\plugins\mcufinder//mcu/
2025-04-29 15:34:24,406 [WARN] DbFile:36 - Overriding database path with different value: C:\Users\Alunos\.stmcufinder\plugins\mcufinder/ => C:\Users\Alunos\.stmcufinder\plugins\mcufinder
2025-04-29 15:34:24,406 [INFO] DbBoardsDocs:112 - Set database path to: C:\Users\Alunos\.stmcufinder\plugins\mcufinder//mcu/
2025-04-29 15:34:24,407 [WARN] DbFile:36 - Overriding database path with different value: C:\Users\Alunos\.stmcufinder\plugins\mcufinder/ => C:\Users\Alunos\.stmcufinder\plugins\mcufinder
2025-04-29 15:34:24,407 [INFO] DbBoardsJson:56 - Set database path to: C:\Users\Alunos\.stmcufinder\plugins\mcufinder//mcu/
2025-04-29 15:34:24,407 [WARN] DbFile:36 - Overriding database path with different value: C:\Users\Alunos\.stmcufinder\plugins\mcufinder/ => C:\Users\Alunos\.stmcufinder\plugins\mcufinder
2025-04-29 15:34:24,407 [WARN] DbFile:36 - Overriding database path with different value: C:\Users\Alunos\.stmcufinder\plugins\mcufinder/ => C:\Users\Alunos\.stmcufinder\plugins\mcufinder
2025-04-29 15:34:24,407 [INFO] CrossReferenceDbSqlite:196 - Set database path to: C:\Users\Alunos\.stmcufinder\plugins\mcufinder//mcu/cs/
2025-04-29 15:34:24,407 [WARN] DbFile:36 - Overriding database path with different value: C:\Users\Alunos\.stmcufinder\plugins\mcufinder/ => C:\Users\Alunos\.stmcufinder\plugins\mcufinder
2025-04-29 15:34:24,407 [INFO] DbExamplesSqlite:699 - Set database path to: C:\Users\Alunos\.stmcufinder\plugins\mcufinder//mcu/
2025-04-29 15:34:24,453 [INFO] MainPanel:190 - HeapMemory: 268435456
2025-04-29 15:34:24,514 [INFO] DbMcusXml:71 - Set database path to: C:\ST\STM32CubeIDE_1.5.1\STM32CubeIDE\plugins\com.st.stm32cube.common.mx_6.1.1.202012091304\\db\/mcu/
2025-04-29 15:34:24,515 [INFO] DbBoardsPdsc:57 - Set plugin database path to: C:\ST\STM32CubeIDE_1.5.1\STM32CubeIDE\plugins\com.st.stm32cube.common.mx_6.1.1.202012091304\\db\/plugins/boardmanager/
2025-04-29 15:34:24,515 [INFO] DbMcus:259 - Set plugin images path to: C:\ST\STM32CubeIDE_1.5.1\STM32CubeIDE\plugins\com.st.stm32cube.common.mx_6.1.1.202012091304\\db\/plugins/mcufinder/images/
2025-04-29 15:34:24,515 [INFO] DbBoards:265 - Set plugin images path to: C:\ST\STM32CubeIDE_1.5.1\STM32CubeIDE\plugins\com.st.stm32cube.common.mx_6.1.1.202012091304\\db\/plugins/mcufinder/images/
2025-04-29 15:34:24,515 [INFO] DbExamples:329 - Set plugin images path to: C:\ST\STM32CubeIDE_1.5.1\STM32CubeIDE\plugins\com.st.stm32cube.common.mx_6.1.1.202012091304\\db\/plugins/mcufinder/images/
2025-04-29 15:34:24,516 [WARN] DbFile:36 - Overriding database path with different value: C:\Users\Alunos\.stmcufinder\plugins\mcufinder/ => C:\Users\Alunos\.stmcufinder\plugins\mcufinder
2025-04-29 15:34:24,516 [INFO] DbMcusDocs:112 - Set database path to: C:\Users\Alunos\.stmcufinder\plugins\mcufinder//mcu/
2025-04-29 15:34:24,516 [WARN] DbFile:36 - Overriding database path with different value: C:\Users\Alunos\.stmcufinder\plugins\mcufinder/ => C:\Users\Alunos\.stmcufinder\plugins\mcufinder
2025-04-29 15:34:24,516 [INFO] DbMcusJson:63 - Set database path to: C:\Users\Alunos\.stmcufinder\plugins\mcufinder//mcu/
2025-04-29 15:34:24,516 [WARN] DbFile:36 - Overriding database path with different value: C:\Users\Alunos\.stmcufinder\plugins\mcufinder/ => C:\Users\Alunos\.stmcufinder\plugins\mcufinder
2025-04-29 15:34:24,516 [INFO] DbBoardsDocs:112 - Set database path to: C:\Users\Alunos\.stmcufinder\plugins\mcufinder//mcu/
2025-04-29 15:34:24,516 [WARN] DbFile:36 - Overriding database path with different value: C:\Users\Alunos\.stmcufinder\plugins\mcufinder/ => C:\Users\Alunos\.stmcufinder\plugins\mcufinder
2025-04-29 15:34:24,517 [INFO] DbBoardsJson:56 - Set database path to: C:\Users\Alunos\.stmcufinder\plugins\mcufinder//mcu/
2025-04-29 15:34:24,517 [WARN] DbFile:36 - Overriding database path with different value: C:\Users\Alunos\.stmcufinder\plugins\mcufinder/ => C:\Users\Alunos\.stmcufinder\plugins\mcufinder
2025-04-29 15:34:24,517 [WARN] DbFile:36 - Overriding database path with different value: C:\Users\Alunos\.stmcufinder\plugins\mcufinder/ => C:\Users\Alunos\.stmcufinder\plugins\mcufinder
2025-04-29 15:34:24,517 [INFO] CrossReferenceDbSqlite:196 - Set database path to: C:\Users\Alunos\.stmcufinder\plugins\mcufinder//mcu/cs/
2025-04-29 15:34:24,517 [WARN] DbFile:36 - Overriding database path with different value: C:\Users\Alunos\.stmcufinder\plugins\mcufinder/ => C:\Users\Alunos\.stmcufinder\plugins\mcufinder
2025-04-29 15:34:24,517 [INFO] DbExamplesSqlite:699 - Set database path to: C:\Users\Alunos\.stmcufinder\plugins\mcufinder//mcu/
2025-04-29 15:34:24,530 [INFO] ApplicationProperties:181 - Using Application install path: C:\ST\STM32CubeIDE_1.5.1\STM32CubeIDE\plugins\com.st.stm32cube.common.mx_6.1.1.202012091304
2025-04-29 15:34:24,531 [INFO] PluginManage:178 - Search for loadable plugins [exclusion list=, ]
2025-04-29 15:34:24,532 [INFO] PluginManage:292 - Check plugin analytics
2025-04-29 15:34:24,624 [INFO] AnalyticsPlugin:225 - Accepted Software Licenses: 
2025-04-29 15:34:24,624 [INFO] AnalyticsPlugin:227 - Accepted CMSIS Pack Licenses: 
2025-04-29 15:34:24,625 [INFO] AnalyticsPlugin:229 - Accepted Firmware Licenses: 
2025-04-29 15:34:24,625 [INFO] PluginManage:342 - Loaded plugin analytics (category:tool,tabindex:-1)
2025-04-29 15:34:24,625 [INFO] PluginManage:292 - Check plugin clock
2025-04-29 15:34:24,643 [INFO] PluginManage:342 - Loaded plugin clock (category:base,tabindex:2)
2025-04-29 15:34:24,644 [INFO] PluginManage:292 - Check plugin ddr
2025-04-29 15:34:24,646 [INFO] PluginManage:342 - Loaded plugin ddr (category:tool,tabindex:6)
2025-04-29 15:34:24,647 [INFO] PluginManage:292 - Check plugin filemanager
2025-04-29 15:34:24,722 [INFO] PluginManage:342 - Loaded plugin filemanager (category:base,tabindex:10)
2025-04-29 15:34:24,722 [INFO] PluginManage:292 - Check plugin ipmanager
2025-04-29 15:34:24,727 [INFO] PluginManage:342 - Loaded plugin ipmanager (category:base,tabindex:5)
2025-04-29 15:34:24,727 [INFO] PluginManage:292 - Check plugin pinoutandconfiguration
2025-04-29 15:34:24,741 [INFO] PluginManage:342 - Loaded plugin pinoutandconfiguration (category:base,tabindex:1)
2025-04-29 15:34:24,741 [INFO] PluginManage:292 - Check plugin pinoutconfig
2025-04-29 15:34:24,764 [INFO] PluginManage:342 - Loaded plugin pinoutconfig (category:base,tabindex:0)
2025-04-29 15:34:24,764 [INFO] PluginManage:292 - Check plugin power
2025-04-29 15:34:24,782 [INFO] PluginManage:342 - Loaded plugin power (category:power,tabindex:4)
2025-04-29 15:34:24,783 [INFO] PluginManage:292 - Check plugin projectmanager
2025-04-29 15:34:24,792 [INFO] PluginManage:342 - Loaded plugin projectmanager (category:projectmanager,tabindex:3)
2025-04-29 15:34:24,792 [INFO] PluginManage:292 - Check plugin thirdparty
2025-04-29 15:34:24,986 [INFO] PluginManage:342 - Loaded plugin thirdparty (category:base,tabindex:-1)
2025-04-29 15:34:24,986 [INFO] PluginManage:292 - Check plugin tools
2025-04-29 15:34:24,986 [WARN] IntegrityCheckThread:59 - waiting for thirdparty lock release [integrity check]
2025-04-29 15:34:24,986 [INFO] IntegrityCheckThread:61 - entering critical section [integrity check]
2025-04-29 15:34:24,987 [INFO] ThirdPartyUpdaterWithRetryManager:56 - Updater plugin not ready yet. [1/15]
2025-04-29 15:34:25,034 [INFO] PluginManage:342 - Loaded plugin tools (category:base,tabindex:7)
2025-04-29 15:34:25,034 [INFO] PluginManage:292 - Check plugin tutovideos
2025-04-29 15:34:25,271 [INFO] PluginManage:342 - Loaded plugin tutovideos (category:base,tabindex:-1)
2025-04-29 15:34:25,272 [INFO] PluginManage:292 - Check plugin updater
2025-04-29 15:34:25,278 [INFO] PluginManage:342 - Loaded plugin updater (category:base,tabindex:12)
2025-04-29 15:34:25,279 [INFO] PluginManage:265 - PluginManage : Loaded plugins [13]
2025-04-29 15:34:25,386 [INFO] PinOutPanel:1434 - setPackage(No Configuration,No Configuration)
2025-04-29 15:34:25,465 [INFO] IPUIPlugin:64 - create IPUIPlugin
2025-04-29 15:34:25,465 [INFO] PluginManager:203 - loadIPPluginJar : add adc
2025-04-29 15:34:25,504 [INFO] IPUIPlugin:64 - create IPUIPlugin
2025-04-29 15:34:25,504 [INFO] PluginManager:203 - loadIPPluginJar : add aes
2025-04-29 15:34:25,549 [INFO] IPUIPlugin:64 - create IPUIPlugin
2025-04-29 15:34:25,549 [INFO] PluginManager:203 - loadIPPluginJar : add can
2025-04-29 15:34:25,585 [INFO] IPUIPlugin:64 - create IPUIPlugin
2025-04-29 15:34:25,585 [INFO] PluginManager:203 - loadIPPluginJar : add comp
2025-04-29 15:34:25,622 [INFO] IPUIPlugin:64 - create IPUIPlugin
2025-04-29 15:34:25,622 [INFO] PluginManager:203 - loadIPPluginJar : add cryp
2025-04-29 15:34:25,659 [INFO] IPUIPlugin:64 - create IPUIPlugin
2025-04-29 15:34:25,660 [INFO] PluginManager:203 - loadIPPluginJar : add dfsdm
2025-04-29 15:34:25,672 [INFO] IPUIPlugin:64 - create IPUIPlugin
2025-04-29 15:34:25,673 [INFO] PluginManager:203 - loadIPPluginJar : add dma
2025-04-29 15:34:25,701 [INFO] IPUIPlugin:64 - create IPUIPlugin
2025-04-29 15:34:25,702 [INFO] PluginManager:203 - loadIPPluginJar : add fatfs
2025-04-29 15:34:25,757 [INFO] IPUIPlugin:64 - create IPUIPlugin
2025-04-29 15:34:25,758 [INFO] PluginManager:203 - loadIPPluginJar : add fmc
2025-04-29 15:34:25,773 [INFO] IPUIPlugin:64 - create IPUIPlugin
2025-04-29 15:34:25,773 [INFO] PluginManager:203 - loadIPPluginJar : add freertos
2025-04-29 15:34:25,803 [INFO] IPUIPlugin:64 - create IPUIPlugin
2025-04-29 15:34:25,803 [INFO] PluginManager:203 - loadIPPluginJar : add genericplugin
2025-04-29 15:34:25,875 [INFO] IPUIPlugin:64 - create IPUIPlugin
2025-04-29 15:34:25,875 [INFO] PluginManager:203 - loadIPPluginJar : add gfxmmu
2025-04-29 15:34:25,986 [INFO] IPUIPlugin:64 - create IPUIPlugin
2025-04-29 15:34:25,986 [INFO] PluginManager:203 - loadIPPluginJar : add gic
2025-04-29 15:34:25,996 [INFO] IPUIPlugin:64 - create IPUIPlugin
2025-04-29 15:34:25,997 [INFO] PluginManager:203 - loadIPPluginJar : add gpio
2025-04-29 15:34:26,055 [INFO] IPUIPlugin:64 - create IPUIPlugin
2025-04-29 15:34:26,055 [INFO] PluginManager:203 - loadIPPluginJar : add gtzc
2025-04-29 15:34:26,085 [INFO] IPUIPlugin:64 - create IPUIPlugin
2025-04-29 15:34:26,086 [INFO] PluginManager:203 - loadIPPluginJar : add hash
2025-04-29 15:34:26,134 [INFO] IPUIPlugin:64 - create IPUIPlugin
2025-04-29 15:34:26,135 [INFO] PluginManager:203 - loadIPPluginJar : add i2c
2025-04-29 15:34:26,178 [INFO] IPUIPlugin:64 - create IPUIPlugin
2025-04-29 15:34:26,178 [INFO] PluginManager:203 - loadIPPluginJar : add i2s
2025-04-29 15:34:26,188 [INFO] IPUIPlugin:64 - create IPUIPlugin
2025-04-29 15:34:26,189 [INFO] PluginManager:203 - loadIPPluginJar : add ipddr
2025-04-29 15:34:26,231 [INFO] IPUIPlugin:64 - create IPUIPlugin
2025-04-29 15:34:26,232 [INFO] PluginManager:203 - loadIPPluginJar : add lorawan
2025-04-29 15:34:26,272 [INFO] IPUIPlugin:64 - create IPUIPlugin
2025-04-29 15:34:26,272 [INFO] PluginManager:203 - loadIPPluginJar : add ltdc
2025-04-29 15:34:26,283 [INFO] IPUIPlugin:64 - create IPUIPlugin
2025-04-29 15:34:26,284 [INFO] PluginManager:203 - loadIPPluginJar : add mdma
2025-04-29 15:34:26,293 [INFO] IPUIPlugin:64 - create IPUIPlugin
2025-04-29 15:34:26,293 [INFO] PluginManager:203 - loadIPPluginJar : add nvic
2025-04-29 15:34:26,336 [INFO] IPUIPlugin:64 - create IPUIPlugin
2025-04-29 15:34:26,337 [INFO] PluginManager:203 - loadIPPluginJar : add opamp
2025-04-29 15:34:26,403 [INFO] IPUIPlugin:64 - create IPUIPlugin
2025-04-29 15:34:26,403 [INFO] PluginManager:203 - loadIPPluginJar : add openamp
2025-04-29 15:34:26,452 [INFO] IPUIPlugin:64 - create IPUIPlugin
2025-04-29 15:34:26,452 [INFO] PluginManager:203 - loadIPPluginJar : add pdm2pcm
2025-04-29 15:34:26,466 [INFO] IPUIPlugin:64 - create IPUIPlugin
2025-04-29 15:34:26,470 [INFO] PluginManager:203 - loadIPPluginJar : add plateformsettings
2025-04-29 15:34:26,511 [INFO] IPUIPlugin:64 - create IPUIPlugin
2025-04-29 15:34:26,511 [INFO] PluginManager:203 - loadIPPluginJar : add quadspi
2025-04-29 15:34:26,524 [INFO] IPUIPlugin:64 - create IPUIPlugin
2025-04-29 15:34:26,524 [INFO] PluginManager:203 - loadIPPluginJar : add resmgrutility
2025-04-29 15:34:26,570 [INFO] IPUIPlugin:64 - create IPUIPlugin
2025-04-29 15:34:26,570 [INFO] PluginManager:203 - loadIPPluginJar : add sai
2025-04-29 15:34:26,606 [INFO] IPUIPlugin:64 - create IPUIPlugin
2025-04-29 15:34:26,606 [INFO] PluginManager:203 - loadIPPluginJar : add spi
2025-04-29 15:34:26,649 [INFO] IPUIPlugin:64 - create IPUIPlugin
2025-04-29 15:34:26,649 [INFO] PluginManager:203 - loadIPPluginJar : add stm32_wpan
2025-04-29 15:34:26,676 [INFO] IPUIPlugin:64 - create IPUIPlugin
2025-04-29 15:34:26,677 [INFO] PluginManager:203 - loadIPPluginJar : add tim
2025-04-29 15:34:26,727 [INFO] IPUIPlugin:64 - create IPUIPlugin
2025-04-29 15:34:26,728 [INFO] PluginManager:203 - loadIPPluginJar : add touchsensing
2025-04-29 15:34:26,753 [INFO] IPUIPlugin:64 - create IPUIPlugin
2025-04-29 15:34:26,754 [INFO] PluginManager:203 - loadIPPluginJar : add tracer_emb
2025-04-29 15:34:26,785 [INFO] IPUIPlugin:64 - create IPUIPlugin
2025-04-29 15:34:26,785 [INFO] PluginManager:203 - loadIPPluginJar : add ts
2025-04-29 15:34:26,816 [INFO] IPUIPlugin:64 - create IPUIPlugin
2025-04-29 15:34:26,816 [INFO] PluginManager:203 - loadIPPluginJar : add tsc
2025-04-29 15:34:26,848 [INFO] IPUIPlugin:64 - create IPUIPlugin
2025-04-29 15:34:26,848 [INFO] PluginManager:203 - loadIPPluginJar : add ucpd
2025-04-29 15:34:26,888 [INFO] IPUIPlugin:64 - create IPUIPlugin
2025-04-29 15:34:26,889 [INFO] PluginManager:203 - loadIPPluginJar : add usart
2025-04-29 15:34:27,117 [FATAL] Updater:284 - Updater called before beeing initialized
2025-04-29 15:34:27,173 [FATAL] Updater:284 - Updater called before beeing initialized
2025-04-29 15:34:27,201 [WARN] DetailPanel:347 - Failed to get advertising image, set to default
2025-04-29 15:34:27,203 [FATAL] Updater:284 - Updater called before beeing initialized
2025-04-29 15:34:27,204 [WARN] DetailPanel:347 - Failed to get advertising image, set to default
2025-04-29 15:34:27,230 [FATAL] Updater:284 - Updater called before beeing initialized
2025-04-29 15:34:27,230 [WARN] ThirdParty:783 - waiting for thirdparty lock release [close project]
2025-04-29 15:34:27,991 [INFO] ThirdPartyUpdaterWithRetryManager:56 - Updater plugin not ready yet. [2/15]
2025-04-29 15:34:30,997 [FATAL] Updater:284 - Updater called before beeing initialized
2025-04-29 15:34:30,997 [ERROR] AbstractThirdPartyUpdaterManager:153 - java.lang.Integer cannot be cast to java.util.List
2025-04-29 15:34:30,997 [INFO] ThirdParty:887 - Integrity check success = false
2025-04-29 15:34:30,997 [INFO] IntegrityCheckThread:75 - exiting critical section [integrity check]
2025-04-29 15:34:30,997 [INFO] IntegrityCheckThread:78 - End integrity checks thread
2025-04-29 15:34:30,997 [INFO] ThirdParty:785 - entering critical section [close project]
2025-04-29 15:34:30,998 [INFO] ThirdParty:796 - exiting critical section [close project]
2025-04-29 15:34:31,000 [INFO] PinOutPanel:1434 - setPackage(No Configuration,No Configuration)
2025-04-29 15:34:31,000 [FATAL] Updater:284 - Updater called before beeing initialized
2025-04-29 15:34:31,059 [ERROR] Updater:1065 - MainUpdater not yet initialized. External WinMGr cannot be set.
2025-04-29 15:34:31,099 [INFO] Updater:1002 - Updater Version found : 6.1.1
2025-04-29 15:34:31,198 [INFO] ApplicationProperties:181 - Using Application install path: C:\ST\STM32CubeIDE_1.5.1\STM32CubeIDE\plugins\com.st.stm32cube.common.mx_6.1.1.202012091304
2025-04-29 15:34:31,341 [INFO] MainUpdater:2644 - connection check result : 10
2025-04-29 15:34:31,341 [INFO] MainUpdater:3332 - Updater definition file requires update
2025-04-29 15:34:31,342 [INFO] MainUpdater:249 - Updater Check For Update Now.
2025-04-29 15:34:31,342 [INFO] MicroXplorer:415 - Change Database Version : DB.6.0.10
2025-04-29 15:34:33,750 [INFO] ServerAccessManage:348 - Download File updaters.zip
2025-04-29 15:34:33,932 [INFO] FileExtend:225 - Unzip File : updaters.zip
2025-04-29 15:34:33,932 [INFO] FileExtend:240 - Standard Zip Deflate
2025-04-29 15:34:40,156 [INFO] ServerAccessManage:348 - Download File PacksControlFlags.xml
2025-04-29 15:34:42,233 [INFO] MainUpdater:2644 - connection check result : 10
2025-04-29 15:34:42,590 [INFO] ServerAccessManage:348 - Download File cubemx.pidx
2025-04-29 15:34:43,277 [INFO] ServerAccessManage:348 - Download File STMicroelectronics.X-CUBE-DPOWER.pdsc
2025-04-29 15:34:47,007 [ERROR] ServerAccessManage:947 - Problem, file not found on Server
2025-04-29 15:34:47,665 [ERROR] ServerAccessManage:947 - Problem, file not found on Server
2025-04-29 15:34:48,367 [ERROR] ServerAccessManage:947 - Problem, file not found on Server
2025-04-29 15:34:49,475 [ERROR] ServerAccessManage:947 - Problem, file not found on Server
2025-04-29 15:34:50,585 [ERROR] ServerAccessManage:947 - Problem, file not found on Server
2025-04-29 15:34:52,177 [ERROR] ServerAccessManage:947 - Problem, file not found on Server
2025-04-29 15:34:53,156 [ERROR] ServerAccessManage:947 - Problem, file not found on Server
2025-04-29 15:34:53,404 [INFO] CrossSelectorPresenter:1330 - Cross Selector saved comparison directory: C:\Users\Alunos\.stmcufinder\plugins\mcufinder\mcu\cs_comparisons_mx
2025-04-29 15:34:53,408 [INFO] MultiScanPanel:198 - Auto-refresh data requested => check proxy status ongoing
2025-04-29 15:34:53,411 [INFO] FinderPluginLoader:87 - Searching for filters in installed packs
2025-04-29 15:34:53,412 [INFO] DbMcusXml:97 - Load MCU database from C:\ST\STM32CubeIDE_1.5.1\STM32CubeIDE\plugins\com.st.stm32cube.common.mx_6.1.1.202012091304\\db\/mcu/families.xml
2025-04-29 15:34:53,724 [INFO] DbMcusJson:92 - JSON generation date=Thu Nov 05 13:05:07 BRT 2020 (1604592307)
2025-04-29 15:34:53,895 [ERROR] ServerAccessManage:947 - Problem, file not found on Server
2025-04-29 15:34:54,020 [INFO] DbMcus:176 - Found 1835 MCUs (1796 are supported by CubeMX, 1796 are visible in CubeMX)
2025-04-29 15:34:54,020 [INFO] ApiDb:238 - Load user favorites file C:\Users\Alunos/.stm32cubeide/favorites.mcus.txt: 0 item(s)
2025-04-29 15:34:54,020 [INFO] ApiDb:242 - User favorites MCUs=[]
2025-04-29 15:34:54,020 [INFO] DbMcus:188 - Set 0 / 0 favorites MCUs
2025-04-29 15:34:54,195 [ERROR] ServerAccessManage:947 - Problem, file not found on Server
2025-04-29 15:34:54,210 [WARN] DetailPanel:347 - Failed to get advertising image, set to default
2025-04-29 15:34:54,351 [INFO] McuFilterPanel:245 - Update 0 favorites MCUs
2025-04-29 15:34:54,413 [INFO] DbBoardsPdsc:91 - Found 24 items
2025-04-29 15:34:54,429 [INFO] DbBoardsPdsc:91 - Found 9 items
2025-04-29 15:34:54,445 [INFO] DbBoardsPdsc:91 - Found 32 items
2025-04-29 15:34:54,460 [INFO] DbBoardsPdsc:91 - Found 1 items
2025-04-29 15:34:54,460 [INFO] DbBoardsPdsc:91 - Found 45 items
2025-04-29 15:34:54,476 [INFO] DbBoardsPdsc:91 - Found 41 items
2025-04-29 15:34:54,491 [INFO] DbBoardsPdsc:91 - Found 2 items
2025-04-29 15:34:54,491 [INFO] DbBoardsPdsc:91 - Found 4 items
2025-04-29 15:34:54,491 [WARN] DbBoardsPdsc:255 - Board STM32H7B3I-DK: unknown feature type=Audio, name=, username=Audio stereo codec with Headphone Amp (CS42L51-CNZ), n=1
2025-04-29 15:34:54,491 [WARN] DbBoardsPdsc:255 - Board STM32H735G-DK: unknown feature type=Audio, name=, username=Audio stereo codec with Headphone Amp (WM8994ECS/R), n=1
2025-04-29 15:34:54,491 [WARN] DbBoardsPdsc:255 - Board STM32H7B3I-EVAL: unknown feature type=Audio, name=, username=Multi-Channel Audio Codec (CS42L51-CNZ), n=1
2025-04-29 15:34:54,491 [WARN] DbBoardsPdsc:255 - Board STM32H7B3I-EVAL: unknown feature type=Meter, name=, username=Power-metering and Temperature-monitoring with sigma-delta modulators, n=1
2025-04-29 15:34:54,491 [WARN] DbBoardsPdsc:255 - Board STM32H7B3I-EVAL: unknown feature type=Motor, name=, username=Motor Control, n=1
2025-04-29 15:34:54,523 [INFO] DbBoardsJson:85 - JSON generation date=Tue Nov 16 13:17:54 BRT 2021 (1637079474)
2025-04-29 15:34:54,523 [INFO] DbBoards:118 - Found 168 boards (155 are supported by CubeMX)
2025-04-29 15:34:54,523 [INFO] DbBoardsDocs:145 - JSON generation date=Tue Nov 16 13:17:54 BRT 2021 (1637079474)
2025-04-29 15:34:54,523 [INFO] DbBoardsDocs:81 - Found 209 boards documents
2025-04-29 15:34:54,523 [WARN] DbBoards:128 - board B-L475E-IOT01A2 has no document id list !
2025-04-29 15:34:54,523 [WARN] DbBoards:128 - board NUCLEO-H743ZI has no document id list !
2025-04-29 15:34:54,523 [WARN] DbBoards:128 - board NUCLEO-WL55JC1 has no document id list !
2025-04-29 15:34:54,523 [WARN] DbBoards:128 - board NUCLEO-WL55JC2 has no document id list !
2025-04-29 15:34:54,523 [WARN] DbBoards:128 - board P-NUCLEO-WB55-Nucleo has no document id list !
2025-04-29 15:34:54,523 [WARN] DbBoards:128 - board P-NUCLEO-WB55-USBDongle has no document id list !
2025-04-29 15:34:54,523 [WARN] DbBoards:128 - board STEVAL-BFA001V1B has no document id list !
2025-04-29 15:34:54,523 [WARN] DbBoards:128 - board STEVAL-BFA001V2B has no document id list !
2025-04-29 15:34:54,523 [WARN] DbBoards:128 - board STEVAL-IDP005V1 has no document id list !
2025-04-29 15:34:54,523 [WARN] DbBoards:128 - board STEVAL-IDP005V2 has no document id list !
2025-04-29 15:34:54,523 [WARN] DbBoards:128 - board STEVAL-MKSBOX1V1 has no document id list !
2025-04-29 15:34:54,523 [WARN] DbBoards:128 - board STEVAL-STWINKT1 has no document id list !
2025-04-29 15:34:54,523 [WARN] DbBoards:128 - board STEVAL-STWINKT1B has no document id list !
2025-04-29 15:34:54,523 [WARN] DbBoards:128 - board STM32439I-EVAL2 has no document id list !
2025-04-29 15:34:54,523 [WARN] DbBoards:128 - board STM32F401C-DISCO has no document id list !
2025-04-29 15:34:54,538 [WARN] DbBoards:128 - board STM32F769I-DISC1 has no document id list !
2025-04-29 15:34:54,538 [WARN] DbBoards:128 - board STM32G474E-EVAL1 has no document id list !
2025-04-29 15:34:54,538 [WARN] DbBoards:128 - board STM32H743I-EVAL2 has no document id list !
2025-04-29 15:34:54,538 [WARN] DbBoards:128 - board STM32H747I-DISC1 has no document id list !
2025-04-29 15:34:54,538 [WARN] DbBoards:128 - board STM32H753I-EVAL2 has no document id list !
2025-04-29 15:34:54,538 [WARN] DbBoards:128 - board STM32L-DISCOVERY has no document id list !
2025-04-29 15:34:54,608 [ERROR] DbBoards:190 - Image file not found for board B-U585I-IOT02A: C:\ST\STM32CubeIDE_1.5.1\STM32CubeIDE\plugins\com.st.stm32cube.common.mx_6.1.1.202012091304\\db\/plugins/mcufinder/images/boards/B-U585I-IOT02A_small.jpg
2025-04-29 15:34:54,648 [ERROR] DbBoards:190 - Image file not found for board NUCLEO-F413ZH: C:\ST\STM32CubeIDE_1.5.1\STM32CubeIDE\plugins\com.st.stm32cube.common.mx_6.1.1.202012091304\\db\/plugins/mcufinder/images/boards/nucleo-f413zh_small.jpg
2025-04-29 15:34:54,716 [ERROR] DbBoards:190 - Image file not found for board NUCLEO-L552ZE-Q: C:\ST\STM32CubeIDE_1.5.1\STM32CubeIDE\plugins\com.st.stm32cube.common.mx_6.1.1.202012091304\\db\/plugins/mcufinder/images/boards/nucleo_l552ze_q_small.jpg
2025-04-29 15:34:54,716 [ERROR] DbBoards:190 - Image file not found for board NUCLEO-U575ZI-Q: C:\ST\STM32CubeIDE_1.5.1\STM32CubeIDE\plugins\com.st.stm32cube.common.mx_6.1.1.202012091304\\db\/plugins/mcufinder/images/boards/nucleo-u575zi-q_small.jpg
2025-04-29 15:34:54,716 [ERROR] DbBoards:190 - Image file not found for board NUCLEO-WB15CC: C:\ST\STM32CubeIDE_1.5.1\STM32CubeIDE\plugins\com.st.stm32cube.common.mx_6.1.1.202012091304\\db\/plugins/mcufinder/images/boards/nucleo-wb15cc_small.jpg
2025-04-29 15:34:54,716 [ERROR] DbBoards:190 - Image file not found for board NUCLEO-WB55RG: C:\ST\STM32CubeIDE_1.5.1\STM32CubeIDE\plugins\com.st.stm32cube.common.mx_6.1.1.202012091304\\db\/plugins/mcufinder/images/boards/nucleo-wb55rg_small.jpg
2025-04-29 15:34:54,716 [ERROR] DbBoards:190 - Image file not found for board NUCLEO-WL55JC: C:\ST\STM32CubeIDE_1.5.1\STM32CubeIDE\plugins\com.st.stm32cube.common.mx_6.1.1.202012091304\\db\/plugins/mcufinder/images/boards/nucleo-wl55jc-small.jpg
2025-04-29 15:34:54,841 [ERROR] DbBoards:190 - Image file not found for board STEVAL-STWINKT1B: C:\ST\STM32CubeIDE_1.5.1\STM32CubeIDE\plugins\com.st.stm32cube.common.mx_6.1.1.202012091304\\db\/plugins/mcufinder/images/boards/steval-stwinkt1b_small.jpg
2025-04-29 15:34:55,059 [ERROR] DbBoards:190 - Image file not found for board STM32H7B3I-EVAL: C:\ST\STM32CubeIDE_1.5.1\STM32CubeIDE\plugins\com.st.stm32cube.common.mx_6.1.1.202012091304\\db\/plugins/mcufinder/images/boards/stm32h7b3ieval_small.jpg
2025-04-29 15:34:55,147 [ERROR] DbBoards:190 - Image file not found for board STM32U575I-EV: C:\ST\STM32CubeIDE_1.5.1\STM32CubeIDE\plugins\com.st.stm32cube.common.mx_6.1.1.202012091304\\db\/plugins/mcufinder/images/boards/stm32u575i-ev_small.jpg
2025-04-29 15:34:55,163 [ERROR] DbBoards:190 - Image file not found for board STM32WB5MM-DK: C:\ST\STM32CubeIDE_1.5.1\STM32CubeIDE\plugins\com.st.stm32cube.common.mx_6.1.1.202012091304\\db\/plugins/mcufinder/images/boards/STM32WB5MM-DK_small.jpg
2025-04-29 15:34:55,163 [INFO] ApiDb:238 - Load user favorites file C:\Users\Alunos/.stm32cubeide/favorites.boards.txt: 0 item(s)
2025-04-29 15:34:55,163 [INFO] ApiDb:242 - User favorites Boards=[]
2025-04-29 15:34:55,163 [INFO] DbBoards:207 - Set 0 / 0 favorites Boards
2025-04-29 15:34:55,192 [ERROR] ServerAccessManage:947 - Problem, file not found on Server
2025-04-29 15:34:56,344 [ERROR] ServerAccessManage:947 - Problem, file not found on Server
2025-04-29 15:34:58,046 [INFO] ServerAccessManage:348 - Download File STMicroelectronics.X-CUBE-MEMS1.pdsc
2025-04-29 15:35:13,067 [INFO] DbMcusDocs:145 - JSON generation date=Tue Nov 16 13:17:54 BRT 2021 (1637079474)
2025-04-29 15:35:13,145 [INFO] DbMcusDocs:81 - Found 600 MCUs documents
2025-04-29 15:35:26,421 [INFO] ServerAccessManage:348 - Download File STMicroelectronics.X-CUBE-TOF1.pdsc
2025-04-29 15:35:33,798 [ERROR] ServerAccessManage:947 - Problem, file not found on Server
2025-04-29 15:35:35,379 [INFO] ServerAccessManage:348 - Download File STMicroelectronics.X-CUBE-WB05N.pdsc
2025-04-29 15:35:41,169 [INFO] ServerAccessManage:348 - Download File Avnet-IotConnect.X-CUBE-IoTC-DA16k-PMOD.pdsc
2025-04-29 15:35:41,323 [WARN] PopulateThirdPartyThread:90 - Error when creating pack: C:/Users/Alunos/.stm32cubemx/thirdparties/pdsc/STMicroelectronics.X-CUBE-DPOWER.pdsc
2025-04-29 15:35:41,354 [INFO] CheckServerUpdateThread:102 - End of CheckServer Thread
2025-04-29 15:35:41,463 [WARN] PopulateThirdPartyThread:90 - Error when creating pack: C:/Users/Alunos/.stm32cubemx/thirdparties/pdsc/STMicroelectronics.X-CUBE-TOF1.pdsc
2025-04-29 15:35:41,463 [WARN] PopulateThirdPartyThread:90 - Error when creating pack: C:/Users/Alunos/.stm32cubemx/thirdparties/pdsc/Avnet-IotConnect.X-CUBE-IoTC-DA16k-PMOD.pdsc
2025-04-29 15:35:41,463 [INFO] PopulateThirdPartyThread:50 - Ending populate Thread
2025-04-29 15:35:41,463 [INFO] ThirdParty:939 - CMSIS Pack Vendor :STMicroelectronics X-CUBE-MEMS1 11.2.0
2025-04-29 15:35:41,463 [INFO] ThirdParty:939 - CMSIS Pack Vendor :STMicroelectronics X-CUBE-WB05N 2.0.0
2025-04-29 15:35:41,463 [INFO] LoadServerUpdatesThread:329 - End of LoadServerUpdate Thread
2025-04-29 15:38:22,065 [INFO] MainUpdater:2644 - connection check result : 10
2025-04-29 15:38:22,065 [INFO] MainUpdater:2644 - connection check result : 10
2025-04-29 15:38:22,096 [INFO] MicroXplorer:385 - Change Database Path : 
2025-04-29 15:38:22,096 [INFO] MicroXplorer:415 - Change Database Version : DB.6.0.10
2025-04-29 15:38:22,096 [WARN] ThirdParty:783 - waiting for thirdparty lock release [close project]
2025-04-29 15:38:22,096 [INFO] ThirdParty:785 - entering critical section [close project]
2025-04-29 15:38:22,096 [INFO] ThirdParty:796 - exiting critical section [close project]
2025-04-29 15:38:22,096 [INFO] PinOutPanel:1434 - setPackage(No Configuration,No Configuration)
2025-04-29 15:38:22,096 [INFO] UtilMem:74 - Begin LoadConfig() Used Memory: 234416792 Bytes (681574400)
2025-04-29 15:38:22,096 [INFO] MicroXplorer:385 - Change Database Path : 
2025-04-29 15:38:22,096 [INFO] MicroXplorer:415 - Change Database Version : DB.6.0.10
2025-04-29 15:38:22,096 [INFO] OpenFileManager:274 - Change cursor
2025-04-29 15:38:22,096 [WARN] ThirdParty:204 - Use empty third party IP manager
2025-04-29 15:38:22,096 [WARN] IntegrityCheckThread:59 - waiting for thirdparty lock release [integrity check]
2025-04-29 15:38:22,111 [INFO] IntegrityCheckThread:61 - entering critical section [integrity check]
2025-04-29 15:38:22,143 [ERROR] Engine:500 - C:\Users\Alunos\.stm32cubemx\thirdparties\pdsc\STMicroelectronics.FP-SNS-MOTENVWB1.1.4.0.pdsc: PDSC version is not supported
2025-04-29 15:38:22,158 [ERROR] Engine:500 - C:\Users\Alunos\.stm32cubemx\thirdparties\pdsc\STMicroelectronics.X-CUBE-SMBUS.2.1.0.pdsc: PDSC version is not supported
2025-04-29 15:38:22,205 [ERROR] Engine:500 - C:\Users\Alunos\.stm32cubemx\thirdparties\pdsc\STMicroelectronics.FP-SNS-FLIGHT1.5.0.2.pdsc: PDSC version is not supported
2025-04-29 15:38:22,221 [ERROR] Engine:500 - C:\Users\Alunos\.stm32cubemx\thirdparties\pdsc\Infineon.AIROC-Wi-Fi-Bluetooth-STM32.1.7.0.pdsc: PDSC version is not supported
2025-04-29 15:38:22,221 [ERROR] Engine:500 - C:\Users\Alunos\.stm32cubemx\thirdparties\pdsc\STMicroelectronics.X-CUBE-DISPLAY.3.0.0.pdsc: PDSC version is not supported
2025-04-29 15:38:22,252 [ERROR] Engine:500 - C:\Users\Alunos\.stm32cubemx\thirdparties\pdsc\STMicroelectronics.X-CUBE-BLEMGR.4.0.0.pdsc: PDSC version is not supported
2025-04-29 15:38:22,252 [ERROR] Engine:500 - C:\Users\Alunos\.stm32cubemx\thirdparties\pdsc\emotas.I-CUBE-CANOPEN.1.3.0.pdsc: PDSC version is not supported
2025-04-29 15:38:22,268 [ERROR] Engine:500 - C:\Users\Alunos\.stm32cubemx\thirdparties\pdsc\STMicroelectronics.FP-SNS-SMARTAG2.1.2.0.pdsc: PDSC version is not supported
2025-04-29 15:38:22,268 [ERROR] Engine:500 - C:\Users\Alunos\.stm32cubemx\thirdparties\pdsc\STMicroelectronics.FP-SNS-FLIGHT1.5.1.0.pdsc: PDSC version is not supported
2025-04-29 15:38:22,393 [INFO] LogOutputStream:76 - [STDOUT_REDIRECT] 1 : Invalid condition id : UX_CORESTACK_Condition cause : null
2025-04-29 15:38:22,408 [INFO] LogOutputStream:76 - [STDOUT_REDIRECT] 1 : Invalid condition id : UX_CORESTACK_Condition cause : null
2025-04-29 15:38:22,408 [INFO] LogOutputStream:76 - [STDOUT_REDIRECT] 1 : Invalid condition id : UX_CORESTACK_Condition cause : null
2025-04-29 15:38:22,408 [INFO] LogOutputStream:76 - [STDOUT_REDIRECT] 1 : Invalid condition id : UX_CORESTACK_Condition cause : null
2025-04-29 15:38:22,408 [INFO] LogOutputStream:76 - [STDOUT_REDIRECT] 1 : Invalid condition id : UX_CORESTACK_Condition cause : null
2025-04-29 15:38:22,424 [ERROR] Engine:500 - C:\Users\Alunos\.stm32cubemx\thirdparties\pdsc\STMicroelectronics.FP-SNS-MOTENV1.5.0.0.pdsc: PDSC version is not supported
2025-04-29 15:38:22,518 [ERROR] Engine:500 - C:\Users\Alunos\.stm32cubemx\thirdparties\pdsc\EmbeddedOffice.I-CUBE-FS-RTOS.1.0.1.pdsc: PDSC version is not supported
2025-04-29 15:38:22,533 [ERROR] Engine:500 - C:\Users\Alunos\.stm32cubemx\thirdparties\pdsc\STMicroelectronics.X-CUBE-TCPP.4.2.0.pdsc: PDSC version is not supported
2025-04-29 15:38:22,533 [ERROR] Engine:500 - C:\Users\Alunos\.stm32cubemx\thirdparties\pdsc\RealThread.X-CUBE-RT-Thread_Nano.4.1.1.pdsc: PDSC version is not supported
2025-04-29 15:38:22,533 [ERROR] Engine:500 - C:\Users\Alunos\.stm32cubemx\thirdparties\pdsc\quantropi.X-CUBE-qispace-sdk-base.1.9.3.pdsc: PDSC version is not supported
2025-04-29 15:38:22,565 [ERROR] Engine:500 - C:\Users\Alunos\.stm32cubemx\thirdparties\pdsc\ITTIA_DB.I-CUBE-ITTIADB.8.9.0.pdsc: PDSC version is not supported
2025-04-29 15:38:22,658 [ERROR] Engine:500 - C:\Users\Alunos\.stm32cubemx\thirdparties\pdsc\Avnet-IotConnect.X-CUBE-IoTC-DA16k-PMOD.1.0.0.pdsc: PDSC version is not supported
2025-04-29 15:38:22,705 [ERROR] Engine:500 - C:\Users\Alunos\.stm32cubemx\thirdparties\pdsc\STMicroelectronics.X-CUBE-DPower.1.2.0.pdsc: PDSC version is not supported
2025-04-29 15:38:22,705 [ERROR] Engine:500 - C:\Users\Alunos\.stm32cubemx\thirdparties\pdsc\STMicroelectronics.X-CUBE-FREERTOS.1.3.0.pdsc: PDSC version is not supported
2025-04-29 15:38:22,721 [ERROR] Engine:500 - C:\Users\Alunos\.stm32cubemx\thirdparties\pdsc\STMicroelectronics.X-CUBE-DPower.1.3.0.pdsc: PDSC version is not supported
2025-04-29 15:38:22,736 [WARN] ConditionMgr:437 - getConditionDescription Invalid condition id : LAN8742 Phy interface Condition cause : null
2025-04-29 15:38:22,736 [WARN] ConditionMgr:1040 - genDependencies : Invalid condition id : LAN8742 Phy interface Condition cause : null
2025-04-29 15:38:22,736 [WARN] ConditionMgr:1040 - genDependencies : Invalid condition id : LAN8742 Phy interface Condition cause : null
2025-04-29 15:38:22,736 [WARN] ConditionMgr:1040 - genDependencies : Invalid condition id : LAN8742 Phy interface Condition cause : null
2025-04-29 15:38:22,783 [WARN] ConditionMgr:437 - getConditionDescription Invalid condition id : UX DEVICE CLASS RTOS Condition cause : null
2025-04-29 15:38:22,783 [WARN] ConditionMgr:437 - getConditionDescription Invalid condition id : UX DEVICE CLASS RTOS Condition cause : null
2025-04-29 15:38:22,783 [WARN] ConditionMgr:1040 - genDependencies : Invalid condition id : UX DEVICE CLASS RTOS Condition cause : null
2025-04-29 15:38:22,783 [WARN] ConditionMgr:1040 - genDependencies : Invalid condition id : UX DEVICE CLASS RTOS Condition cause : null
2025-04-29 15:38:22,783 [WARN] ConditionMgr:1040 - genDependencies : Invalid condition id : UX DEVICE CLASS RTOS Condition cause : null
2025-04-29 15:38:22,783 [WARN] ConditionMgr:1040 - genDependencies : Invalid condition id : UX DEVICE CLASS RTOS Condition cause : null
2025-04-29 15:38:22,783 [WARN] ConditionMgr:1040 - genDependencies : Invalid condition id : UX DEVICE CLASS RTOS Condition cause : null
2025-04-29 15:38:22,815 [ERROR] Engine:500 - C:\Users\Alunos\.stm32cubemx\thirdparties\pdsc\STMicroelectronics.FP-SNS-STBOX1.2.0.0.pdsc: PDSC version is not supported
2025-04-29 15:38:22,846 [ERROR] Engine:500 - C:\Users\Alunos\.stm32cubemx\thirdparties\pdsc\Cesanta.I-CUBE-Mongoose.7.13.0.pdsc: PDSC version is not supported
2025-04-29 15:38:22,861 [ERROR] Engine:500 - C:\Users\Alunos\.stm32cubemx\thirdparties\pdsc\STMicroelectronics.X-CUBE-IPS.3.1.0.pdsc: PDSC version is not supported
2025-04-29 15:38:22,877 [ERROR] Engine:500 - C:\Users\Alunos\.stm32cubemx\thirdparties\pdsc\STMicroelectronics.X-CUBE-ALS.1.0.2.pdsc: PDSC version is not supported
2025-04-29 15:38:22,908 [ERROR] Engine:500 - C:\Users\Alunos\.stm32cubemx\thirdparties\pdsc\STMicroelectronics.X-CUBE-TOF1.3.4.2.pdsc: PDSC version is not supported
2025-04-29 15:38:22,908 [ERROR] Engine:500 - C:\Users\Alunos\.stm32cubemx\thirdparties\pdsc\STMicroelectronics.X-CUBE-TOF1.3.4.3.pdsc: PDSC version is not supported
2025-04-29 15:38:22,908 [INFO] ThirdParty:887 - Integrity check success = true
2025-04-29 15:38:22,908 [INFO] IntegrityCheckThread:75 - exiting critical section [integrity check]
2025-04-29 15:38:22,908 [INFO] IntegrityCheckThread:78 - End integrity checks thread
2025-04-29 15:38:23,502 [INFO] ImportTextPane:162 - (OptionalMessage_ERROR) Unable to find key (Mcu.ThirdPartyNb) in loaded IOC file
2025-04-29 15:38:23,502 [INFO] ImportTextPane:162 - (OptionalMessage_ERROR) Unable to find key (Mcu.PinsNb) in loaded IOC file
2025-04-29 15:38:23,502 [INFO] ImportTextPane:162 - (OptionalMessage_ERROR) Unable to find key (Mcu.IPNb) in loaded IOC file
2025-04-29 15:38:23,533 [WARN] ApiManager:294 - Cannot register API 'Board Extension:NFC09A1' from pack STMicroelectronics.X-CUBE-NFC9.1.0.0: no header file found
2025-04-29 15:38:23,533 [WARN] ApiManager:294 - Cannot register API 'Wireless:BlueNRG-MS' from pack STMicroelectronics.X-CUBE-BLE1.7.1.0: no header file found
2025-04-29 15:38:23,533 [WARN] ApiManager:294 - Cannot register API 'Wireless:STM32WB05N' from pack STMicroelectronics.X-CUBE-WB05N.1.1.0: no header file found
2025-04-29 15:38:23,533 [WARN] ApiManager:294 - Cannot register API 'Board Extension:GNSS1A1' from pack STMicroelectronics.X-CUBE-GNSS1.7.0.1: no header file found
2025-04-29 15:38:23,533 [WARN] ApiManager:294 - Cannot register API 'Board Support:Custom' from pack STMicroelectronics.X-CUBE-GNSS1.7.0.1: no header file found
2025-04-29 15:38:23,533 [WARN] ApiManager:294 - Cannot register API 'Data Exchange:lib_gnss' from pack STMicroelectronics.X-CUBE-GNSS1.7.0.1: no header file found
2025-04-29 15:38:23,533 [WARN] ApiManager:294 - Cannot register API 'Board Extension:NFC06A1' from pack STMicroelectronics.X-CUBE-NFC6.3.1.0: no header file found
2025-04-29 15:38:23,533 [WARN] ApiManager:294 - Cannot register API 'Board Extension:NFC08A1' from pack STMicroelectronics.X-CUBE-NFC6.3.1.0: no header file found
2025-04-29 15:38:23,565 [WARN] ApiManager:294 - Cannot register API 'Board Extension:IKS01A3' from pack STMicroelectronics.X-CUBE-MEMS1.11.2.0: no header file found
2025-04-29 15:38:23,565 [WARN] ApiManager:294 - Cannot register API 'Board Extension:IKS02A1' from pack STMicroelectronics.X-CUBE-MEMS1.11.2.0: no header file found
2025-04-29 15:38:23,565 [WARN] ApiManager:294 - Cannot register API 'Board Extension:IKS4A1' from pack STMicroelectronics.X-CUBE-MEMS1.11.2.0: no header file found
2025-04-29 15:38:23,580 [INFO] RtosManager:464 - Registered RTOS mode: class=CMSIS, group=RTOS, mode=CMSIS_V1, owner=FREERTOS
2025-04-29 15:38:23,580 [INFO] RtosManager:464 - Registered RTOS mode: class=CMSIS, group=RTOS2, mode=CMSIS_V2, owner=FREERTOS
2025-04-29 15:38:23,580 [INFO] RtosManager:464 - Registered RTOS mode: class=RTOS, group=Core, mode=CMSIS_V1, owner=FREERTOS
2025-04-29 15:38:23,580 [INFO] RtosManager:464 - Registered RTOS mode: class=RTOS, group=Core, mode=CMSIS_V2, owner=FREERTOS
2025-04-29 15:38:23,580 [WARN] ModelIntegratedComponent:182 - Missing modes for component STMicroelectronics:FreeRTOS:0.0.1:STMicroelectronics:RTOS:FreeRTOS:Core:::10.2.0:
2025-04-29 15:38:23,580 [WARN] ApiManager:294 - Cannot register API 'Board Extension:STSAFEA1' from pack STMicroelectronics.X-CUBE-SAFEA1.1.2.2: no header file found
2025-04-29 15:38:23,580 [WARN] ApiManager:294 - Cannot register API 'Board Part:STSAFEA110' from pack STMicroelectronics.X-CUBE-SAFEA1.1.2.2: no header file found
2025-04-29 15:38:23,580 [WARN] ApiManager:294 - Cannot register API 'Security:ST_Cryptolib' from pack STMicroelectronics.X-CUBE-SAFEA1.1.2.2: no header file found
2025-04-29 15:38:23,580 [WARN] ApiManager:294 - Cannot register API 'Security:MbedTLS' from pack STMicroelectronics.X-CUBE-SAFEA1.1.2.2: no header file found
2025-04-29 15:38:23,580 [WARN] ApiManager:294 - Cannot register API 'Board Extension:NFC04A1' from pack STMicroelectronics.X-CUBE-NFC4.3.0.0: no header file found
2025-04-29 15:38:23,580 [WARN] ApiManager:294 - Cannot register API 'Board Extension:S2868A1' from pack STMicroelectronics.X-CUBE-SUBG2.5.0.0: no header file found
2025-04-29 15:38:23,580 [WARN] ApiManager:294 - Cannot register API 'Board Extension:S2868A2' from pack STMicroelectronics.X-CUBE-SUBG2.5.0.0: no header file found
2025-04-29 15:38:23,580 [WARN] ApiManager:294 - Cannot register API 'Board Extension:S2915A1' from pack STMicroelectronics.X-CUBE-SUBG2.5.0.0: no header file found
2025-04-29 15:38:23,580 [WARN] ApiManager:294 - Cannot register API 'Wireless:STM32WB05N' from pack STMicroelectronics.X-CUBE-WB05N.2.0.0: no header file found
2025-04-29 15:38:23,580 [WARN] ApiManager:294 - Cannot register API 'Wireless:BlueNRG-MS' from pack STMicroelectronics.X-CUBE-BLE1.7.0.0: no header file found
2025-04-29 15:38:23,580 [WARN] ApiManager:294 - Cannot register API 'Board Extension:NFC10A1' from pack STMicroelectronics.X-CUBE-NFC10.1.0.0: no header file found
2025-04-29 15:38:23,580 [WARN] ApiManager:294 - Cannot register API 'Board Extension:EEPRMA2' from pack STMicroelectronics.X-CUBE-EEPRMA1.5.1.0: no header file found
2025-04-29 15:38:23,580 [WARN] ApiManager:294 - Cannot register API 'Board Extension:PGEEZ1' from pack STMicroelectronics.X-CUBE-EEPRMA1.5.1.0: no header file found
2025-04-29 15:38:23,580 [WARN] ApiManager:294 - Cannot register API 'Board Extension:EEICA1' from pack STMicroelectronics.X-CUBE-EEPRMA1.5.1.0: no header file found
2025-04-29 15:38:23,580 [WARN] ApiManager:294 - Cannot register API 'Board Part:M24' from pack STMicroelectronics.X-CUBE-EEPRMA1.5.1.0: no header file found
2025-04-29 15:38:23,580 [WARN] ApiManager:294 - Cannot register API 'Board Part:M95' from pack STMicroelectronics.X-CUBE-EEPRMA1.5.1.0: no header file found
2025-04-29 15:38:23,580 [WARN] ApiManager:294 - Cannot register API 'Board Part:M95P32' from pack STMicroelectronics.X-CUBE-EEPRMA1.5.1.0: no header file found
2025-04-29 15:38:23,580 [WARN] ApiManager:294 - Cannot register API 'Board Part:M24256E-F' from pack STMicroelectronics.X-CUBE-EEPRMA1.5.1.0: no header file found
2025-04-29 15:38:23,580 [WARN] ApiManager:294 - Cannot register API 'Board Part:M24M01E-F' from pack STMicroelectronics.X-CUBE-EEPRMA1.5.1.0: no header file found
2025-04-29 15:38:23,580 [WARN] ApiManager:294 - Cannot register API 'PGEEZ1:SPI' from pack STMicroelectronics.X-CUBE-EEPRMA1.5.1.0: no header file found
2025-04-29 15:38:23,580 [WARN] ApiManager:294 - Cannot register API 'PGEEZ1:QDSPI' from pack STMicroelectronics.X-CUBE-EEPRMA1.5.1.0: no header file found
2025-04-29 15:38:23,580 [WARN] ModelIntegratedComponent:51 - No mode defined for component null
2025-04-29 15:38:23,580 [WARN] ModelIntegratedComponent:51 - No mode defined for component null
2025-04-29 15:38:23,580 [WARN] ModelIntegratedComponent:51 - No mode defined for component null
2025-04-29 15:38:23,580 [WARN] ModelIntegratedComponent:51 - No mode defined for component null
2025-04-29 15:38:23,580 [WARN] ModelIntegratedComponent:51 - No mode defined for component null
2025-04-29 15:38:23,580 [WARN] ModelIntegratedComponent:51 - No mode defined for component null
2025-04-29 15:38:23,580 [WARN] ModelIntegratedComponent:51 - No mode defined for component null
2025-04-29 15:38:23,580 [WARN] ModelIntegratedComponent:51 - No mode defined for component null
2025-04-29 15:38:23,580 [WARN] ModelIntegratedComponent:51 - No mode defined for component null
2025-04-29 15:38:23,580 [WARN] ModelIntegratedComponent:51 - No mode defined for component null
2025-04-29 15:38:23,580 [WARN] ModelIntegratedComponent:51 - No mode defined for component null
2025-04-29 15:38:23,580 [WARN] ModelIntegratedComponent:51 - No mode defined for component null
2025-04-29 15:38:23,580 [WARN] ModelIntegratedComponent:51 - No mode defined for component null
2025-04-29 15:38:23,580 [WARN] ModelIntegratedComponent:51 - No mode defined for component null
2025-04-29 15:38:23,580 [WARN] ModelIntegratedComponent:51 - No mode defined for component null
2025-04-29 15:38:23,580 [WARN] ModelIntegratedComponent:51 - No mode defined for component null
2025-04-29 15:38:23,580 [WARN] ModelIntegratedComponent:51 - No mode defined for component null
2025-04-29 15:38:23,580 [WARN] ModelIntegratedComponent:51 - No mode defined for component null
2025-04-29 15:38:23,580 [WARN] ModelIntegratedComponent:51 - No mode defined for component null
2025-04-29 15:38:23,580 [WARN] ModelIntegratedComponent:51 - No mode defined for component null
2025-04-29 15:38:23,580 [WARN] ModelIntegratedComponent:51 - No mode defined for component null
2025-04-29 15:38:23,580 [WARN] ModelIntegratedComponent:51 - No mode defined for component null
2025-04-29 15:38:23,580 [WARN] ModelIntegratedComponent:51 - No mode defined for component null
2025-04-29 15:38:23,580 [WARN] ModelIntegratedComponent:51 - No mode defined for component null
2025-04-29 15:38:23,580 [WARN] ModelIntegratedComponent:51 - No mode defined for component null
2025-04-29 15:38:23,580 [WARN] ModelIntegratedComponent:51 - No mode defined for component null
2025-04-29 15:38:23,580 [WARN] ModelIntegratedComponent:51 - No mode defined for component null
2025-04-29 15:38:23,580 [WARN] ModelIntegratedComponent:51 - No mode defined for component null
2025-04-29 15:38:23,580 [WARN] ModelIntegratedComponent:51 - No mode defined for component null
2025-04-29 15:38:23,580 [WARN] ModelIntegratedComponent:51 - No mode defined for component null
2025-04-29 15:38:23,580 [WARN] ModelIntegratedComponent:51 - No mode defined for component null
2025-04-29 15:38:23,580 [WARN] ModelIntegratedComponent:51 - No mode defined for component null
2025-04-29 15:38:23,580 [WARN] ModelIntegratedComponent:51 - No mode defined for component null
2025-04-29 15:38:23,580 [WARN] ModelIntegratedComponent:51 - No mode defined for component null
2025-04-29 15:38:23,580 [WARN] ModelIntegratedComponent:51 - No mode defined for component null
2025-04-29 15:38:23,580 [WARN] ModelIntegratedComponent:51 - No mode defined for component null
2025-04-29 15:38:23,580 [WARN] ModelIntegratedComponent:51 - No mode defined for component null
2025-04-29 15:38:23,580 [WARN] ModelIntegratedComponent:51 - No mode defined for component null
2025-04-29 15:38:23,596 [WARN] ApiManager:294 - Cannot register API 'Board Extension:NFC07A1' from pack STMicroelectronics.X-CUBE-NFC7.1.0.1: no header file found
2025-04-29 15:38:23,627 [WARN] ApiManager:294 - Cannot register API 'Board Extension:IKS01A3' from pack STMicroelectronics.X-CUBE-MEMS1.11.1.0: no header file found
2025-04-29 15:38:23,627 [WARN] ApiManager:294 - Cannot register API 'Board Extension:IKS02A1' from pack STMicroelectronics.X-CUBE-MEMS1.11.1.0: no header file found
2025-04-29 15:38:23,627 [WARN] ApiManager:294 - Cannot register API 'Board Extension:IKS4A1' from pack STMicroelectronics.X-CUBE-MEMS1.11.1.0: no header file found
2025-04-29 15:38:23,643 [WARN] ApiManager:294 - Cannot register API 'Board Extension:S2868A1' from pack STMicroelectronics.X-CUBE-SFXS2LP1.4.0.0: no header file found
2025-04-29 15:38:23,643 [WARN] ApiManager:294 - Cannot register API 'Board Extension:S2868A2' from pack STMicroelectronics.X-CUBE-SFXS2LP1.4.0.0: no header file found
2025-04-29 15:38:23,643 [WARN] ApiManager:294 - Cannot register API 'Board Extension:S2915A1' from pack STMicroelectronics.X-CUBE-SFXS2LP1.4.0.0: no header file found
2025-04-29 15:38:23,643 [WARN] ApiManager:294 - Cannot register API 'Wireless:BlueNRG-2' from pack STMicroelectronics.X-CUBE-BLE2.3.3.0: no header file found
2025-04-29 15:38:24,250 [INFO] UtilMem:74 - End LoadConfig() Used Memory: 387694472 Bytes (681574400)
2025-04-29 15:38:24,266 [WARN] ThirdParty:749 - waiting for thirdparty lock release [change project]
2025-04-29 15:38:24,266 [INFO] ThirdParty:751 - entering critical section [change project]
2025-04-29 15:38:24,266 [INFO] ThirdParty:939 - CMSIS Pack Vendor :STMicroelectronics X-CUBE-AZRTOS-H7 3.3.0
2025-04-29 15:38:24,266 [INFO] ThirdParty:939 - CMSIS Pack Vendor :STMicroelectronics X-CUBE-NFC9 1.0.0
2025-04-29 15:38:24,266 [INFO] ThirdParty:939 - CMSIS Pack Vendor :STMicroelectronics USB_HOST 2.0.0
2025-04-29 15:38:24,266 [INFO] ThirdParty:939 - CMSIS Pack Vendor :STMicroelectronics X-CUBE-AZRTOS-F4 1.1.0
2025-04-29 15:38:24,266 [INFO] ThirdParty:939 - CMSIS Pack Vendor :STMicroelectronics FP-ATR-ASTRA1 2.0.2
2025-04-29 15:38:24,266 [INFO] ThirdParty:939 - CMSIS Pack Vendor :STMicroelectronics FP-ATR-ASTRA1 2.0.1
2025-04-29 15:38:24,266 [INFO] ThirdParty:939 - CMSIS Pack Vendor :STMicroelectronics X-CUBE-BLE1 7.1.0
2025-04-29 15:38:24,266 [INFO] ThirdParty:939 - CMSIS Pack Vendor :STMicroelectronics X-CUBE-WB05N 1.1.0
2025-04-29 15:38:24,266 [INFO] ThirdParty:939 - CMSIS Pack Vendor :wolfSSL I-CUBE-wolfMQTT 1.19.2
2025-04-29 15:38:24,266 [INFO] ThirdParty:939 - CMSIS Pack Vendor :STMicroelectronics USB_DEVICE 3.0.0
2025-04-29 15:38:24,266 [INFO] ThirdParty:939 - CMSIS Pack Vendor :STMicroelectronics X-CUBE-ISPU 2.1.0
2025-04-29 15:38:24,266 [INFO] ThirdParty:939 - CMSIS Pack Vendor :STMicroelectronics X-CUBE-AZRTOS-WB 2.0.0
2025-04-29 15:38:24,266 [INFO] ThirdParty:939 - CMSIS Pack Vendor :STMicroelectronics X-CUBE-GNSS1 7.0.1
2025-04-29 15:38:24,266 [INFO] ThirdParty:939 - CMSIS Pack Vendor :STMicroelectronics X-CUBE-AZRTOS-F7 1.1.0
2025-04-29 15:38:24,266 [INFO] ThirdParty:939 - CMSIS Pack Vendor :STMicroelectronics X-CUBE-AZRTOS-L5 2.0.0
2025-04-29 15:38:24,266 [INFO] ThirdParty:939 - CMSIS Pack Vendor :STMicroelectronics X-CUBE-TOUCHGFX 4.25.0
2025-04-29 15:38:24,266 [INFO] ThirdParty:939 - CMSIS Pack Vendor :STMicroelectronics USB_DEVICE 2.0.0
2025-04-29 15:38:24,266 [INFO] ThirdParty:939 - CMSIS Pack Vendor :STMicroelectronics X-CUBE-NFC6 3.1.0
2025-04-29 15:38:24,266 [INFO] ThirdParty:939 - CMSIS Pack Vendor :STMicroelectronics X-CUBE-MEMS1 11.2.0
2025-04-29 15:38:24,266 [INFO] ThirdParty:939 - CMSIS Pack Vendor :STMicroelectronics FreeRTOS 0.0.1
2025-04-29 15:38:24,266 [INFO] ThirdParty:939 - CMSIS Pack Vendor :STMicroelectronics X-CUBE-AZRTOS-G0 1.1.0
2025-04-29 15:38:24,266 [INFO] ThirdParty:939 - CMSIS Pack Vendor :STMicroelectronics X-CUBE-SAFEA1 1.2.2
2025-04-29 15:38:24,266 [INFO] ThirdParty:939 - CMSIS Pack Vendor :STMicroelectronics X-CUBE-NFC4 3.0.0
2025-04-29 15:38:24,266 [INFO] ThirdParty:939 - CMSIS Pack Vendor :STMicroelectronics X-CUBE-SUBG2 5.0.0
2025-04-29 15:38:24,266 [INFO] ThirdParty:939 - CMSIS Pack Vendor :STMicroelectronics X-CUBE-AZRTOS-H7RS 1.1.0
2025-04-29 15:38:24,266 [INFO] ThirdParty:939 - CMSIS Pack Vendor :STMicroelectronics lwIP 2.0.3
2025-04-29 15:38:24,266 [INFO] ThirdParty:939 - CMSIS Pack Vendor :STMicroelectronics USB_HOST 1.0.0
2025-04-29 15:38:24,266 [INFO] ThirdParty:939 - CMSIS Pack Vendor :STMicroelectronics X-CUBE-AZRTOS-G4 2.0.0
2025-04-29 15:38:24,266 [INFO] ThirdParty:939 - CMSIS Pack Vendor :STMicroelectronics X-CUBE-WB05N 2.0.0
2025-04-29 15:38:24,266 [INFO] ThirdParty:939 - CMSIS Pack Vendor :STMicroelectronics PDM2PCM 3.1.0
2025-04-29 15:38:24,266 [INFO] ThirdParty:939 - CMSIS Pack Vendor :STMicroelectronics PDM2PCM 3.3.0
2025-04-29 15:38:24,266 [INFO] ThirdParty:939 - CMSIS Pack Vendor :wolfSSL I-CUBE-wolfTPM 3.8.0
2025-04-29 15:38:24,266 [INFO] ThirdParty:939 - CMSIS Pack Vendor :wolfSSL I-CUBE-wolfSSH 1.4.20
2025-04-29 15:38:24,266 [INFO] ThirdParty:939 - CMSIS Pack Vendor :STMicroelectronics X-CUBE-BLE1 7.0.0
2025-04-29 15:38:24,266 [INFO] ThirdParty:939 - CMSIS Pack Vendor :STMicroelectronics FP-ATR-SIGFOX1 3.2.0
2025-04-29 15:38:24,266 [INFO] ThirdParty:939 - CMSIS Pack Vendor :STMicroelectronics X-CUBE-NFC10 1.0.0
2025-04-29 15:38:24,266 [INFO] ThirdParty:939 - CMSIS Pack Vendor :STMicroelectronics X-CUBE-EEPRMA1 5.1.0
2025-04-29 15:38:24,266 [INFO] ThirdParty:939 - CMSIS Pack Vendor :STMicroelectronics HAL Drivers 0.0.0
2025-04-29 15:38:24,266 [INFO] ThirdParty:939 - CMSIS Pack Vendor :STMicroelectronics MBEDTLS 2.16.2
2025-04-29 15:38:24,266 [INFO] ThirdParty:939 - CMSIS Pack Vendor :STMicroelectronics X-CUBE-NFC7 1.0.1
2025-04-29 15:38:24,266 [INFO] ThirdParty:939 - CMSIS Pack Vendor :STMicroelectronics MBEDTLS 2.14.1
2025-04-29 15:38:24,266 [INFO] ThirdParty:939 - CMSIS Pack Vendor :wolfSSL I-CUBE-wolfSSL 5.7.6
2025-04-29 15:38:24,266 [INFO] ThirdParty:939 - CMSIS Pack Vendor :STMicroelectronics X-CUBE-TOUCHGFX 4.24.2
2025-04-29 15:38:24,266 [INFO] ThirdParty:939 - CMSIS Pack Vendor :portGmbH I-Cube-SoM-uGOAL 1.1.0
2025-04-29 15:38:24,266 [INFO] ThirdParty:939 - CMSIS Pack Vendor :STMicroelectronics X-CUBE-AI 10.0.0
2025-04-29 15:38:24,266 [INFO] ThirdParty:939 - CMSIS Pack Vendor :STMicroelectronics X-CUBE-MEMS1 11.1.0
2025-04-29 15:38:24,266 [INFO] ThirdParty:939 - CMSIS Pack Vendor :STMicroelectronics X-CUBE-AZRTOS-WL 2.0.0
2025-04-29 15:38:24,266 [INFO] ThirdParty:939 - CMSIS Pack Vendor :SEGGER I-CUBE-embOS 1.3.1
2025-04-29 15:38:24,266 [INFO] ThirdParty:939 - CMSIS Pack Vendor :STMicroelectronics X-CUBE-ALGOBUILD 1.4.0
2025-04-29 15:38:24,266 [INFO] ThirdParty:939 - CMSIS Pack Vendor :STMicroelectronics USB_DEVICE 1.0.0
2025-04-29 15:38:24,266 [INFO] ThirdParty:939 - CMSIS Pack Vendor :STMicroelectronics X-CUBE-AZRTOS-H7RS 1.0.0
2025-04-29 15:38:24,266 [INFO] ThirdParty:939 - CMSIS Pack Vendor :STMicroelectronics X-CUBE-AZRTOS-L4 2.0.0
2025-04-29 15:38:24,266 [INFO] ThirdParty:939 - CMSIS Pack Vendor :WES I-CUBE-Cesium 1.3.0
2025-04-29 15:38:24,266 [INFO] ThirdParty:939 - CMSIS Pack Vendor :STMicroelectronics lwIP 2.1.2
2025-04-29 15:38:24,266 [INFO] ThirdParty:939 - CMSIS Pack Vendor :STMicroelectronics X-CUBE-SFXS2LP1 4.0.0
2025-04-29 15:38:24,266 [INFO] ThirdParty:939 - CMSIS Pack Vendor :STMicroelectronics X-CUBE-BLE2 3.3.0
2025-04-29 15:38:24,266 [INFO] ThirdParty:939 - CMSIS Pack Vendor :STMicroelectronics PDM2PCM 3.2.0
2025-04-29 15:38:24,266 [INFO] ThirdParty:757 - exiting critical section [change project]
2025-04-29 15:38:24,360 [INFO] PinOutPanel:1434 - setPackage(No Configuration,No Configuration)
2025-04-29 15:38:24,360 [INFO] PinOutPanel:1434 - setPackage(STM32F103C8Tx,LQFP48)
2025-04-29 15:38:24,516 [INFO] UtilMem:74 - Before build in PCC Used Memory: 426787576 Bytes (681574400)
2025-04-29 15:38:24,750 [INFO] SharedServices:72 - Folder for power plug-in: C:/Users/Alunos/.stm32cubemx/plugins/power
2025-04-29 15:38:24,766 [INFO] SharedServices:72 - Folder for power plug-in: C:/Users/Alunos/.stm32cubemx/plugins/power
2025-04-29 15:38:24,797 [INFO] SharedServices:72 - Folder for power plug-in: C:/Users/Alunos/.stm32cubemx/plugins/power
2025-04-29 15:38:24,797 [INFO] SharedServices:72 - Folder for power plug-in: C:/Users/Alunos/.stm32cubemx/plugins/power
2025-04-29 15:38:24,891 [INFO] UtilMem:74 - After build in PCC Used Memory: 479742704 Bytes (681574400)
2025-04-29 15:38:24,907 [INFO] IPUIPlugin:64 - create IPUIPlugin
2025-04-29 15:38:24,907 [INFO] IPUIPlugin:64 - create IPUIPlugin
2025-04-29 15:38:24,907 [INFO] IPUIPlugin:64 - create IPUIPlugin
2025-04-29 15:38:24,907 [INFO] IPUIPlugin:64 - create IPUIPlugin
2025-04-29 15:38:24,907 [INFO] IPUIPlugin:64 - create IPUIPlugin
2025-04-29 15:38:24,907 [INFO] IPUIPlugin:64 - create IPUIPlugin
2025-04-29 15:38:24,907 [INFO] IPUIPlugin:64 - create IPUIPlugin
2025-04-29 15:38:24,907 [INFO] IPUIPlugin:64 - create IPUIPlugin
2025-04-29 15:38:24,907 [INFO] IPUIPlugin:64 - create IPUIPlugin
2025-04-29 15:38:24,907 [INFO] IPUIPlugin:64 - create IPUIPlugin
2025-04-29 15:38:24,907 [INFO] IPUIPlugin:64 - create IPUIPlugin
2025-04-29 15:38:24,907 [INFO] IPUIPlugin:64 - create IPUIPlugin
2025-04-29 15:38:24,907 [INFO] IPUIPlugin:64 - create IPUIPlugin
2025-04-29 15:38:24,907 [INFO] IPUIPlugin:64 - create IPUIPlugin
2025-04-29 15:38:24,907 [INFO] IPUIPlugin:64 - create IPUIPlugin
2025-04-29 15:38:24,907 [INFO] IPUIPlugin:64 - create IPUIPlugin
2025-04-29 15:38:24,907 [INFO] IPUIPlugin:64 - create IPUIPlugin
2025-04-29 15:38:24,907 [INFO] IPUIPlugin:64 - create IPUIPlugin
2025-04-29 15:38:24,907 [INFO] IPUIPlugin:64 - create IPUIPlugin
2025-04-29 15:38:24,907 [INFO] IPUIPlugin:64 - create IPUIPlugin
2025-04-29 15:38:24,907 [INFO] IPUIPlugin:64 - create IPUIPlugin
2025-04-29 15:38:24,907 [INFO] IPUIPlugin:64 - create IPUIPlugin
2025-04-29 15:38:24,907 [INFO] IPUIPlugin:64 - create IPUIPlugin
2025-04-29 15:38:24,907 [INFO] IPUIPlugin:64 - create IPUIPlugin
2025-04-29 15:38:24,907 [INFO] IPUIPlugin:64 - create IPUIPlugin
2025-04-29 15:38:24,907 [INFO] IPUIPlugin:64 - create IPUIPlugin
2025-04-29 15:38:24,907 [INFO] IPUIPlugin:64 - create IPUIPlugin
2025-04-29 15:38:24,938 [INFO] LogOutputStream:76 - [STDOUT_REDIRECT] toolchainItems.length=====1
2025-04-29 15:38:25,032 [INFO] OpenFileManager:294 - Restore cursor
2025-04-29 15:38:25,188 [INFO] UtilMem:74 - End SaveConfig() Used Memory: 520637168 Bytes (681574400)
2025-04-29 15:38:25,219 [INFO] UtilMem:74 - End SaveConfig() Used Memory: 525353720 Bytes (681574400)
2025-04-29 15:38:25,485 [INFO] BlockDiagram:2735 - set Specific Code input for plugin: NVIC
2025-04-29 15:38:25,485 [INFO] BlockDiagram:2735 - set Specific Code input for plugin: SYS
2025-04-29 15:38:25,485 [INFO] BlockDiagram:2735 - set Specific Code input for plugin: RCC
2025-04-29 15:38:25,485 [INFO] CodeGenerator:639 - code generatio: config db path: C:\ST\STM32CubeIDE_1.5.1\STM32CubeIDE\plugins\com.st.stm32cube.common.mx_6.1.1.202012091304\\db\
2025-04-29 15:38:25,641 [INFO] CodeEngine:229 - oldGeneratedFile, C:\Users\Alunos\STM32CubeIDE\DiogoMafra2025DS\Projetos\ProjetoIntegrado01\MemoreGame\MXTmpFiles\license.tmp_save
2025-04-29 15:38:25,840 [INFO] CodeEngine:247 - Generated code: C:\Users\Alunos\STM32CubeIDE\DiogoMafra2025DS\Projetos\ProjetoIntegrado01\MemoreGame\MXTmpFiles\license.tmp
2025-04-29 15:38:25,912 [INFO] CodeEngine:229 - oldGeneratedFile, C:\Users\Alunos\STM32CubeIDE\DiogoMafra2025DS\Projetos\ProjetoIntegrado01\MemoreGame\Core\Src\stm32f1xx_it.c_save
2025-04-29 15:38:26,022 [INFO] CodeEngine:247 - Generated code: C:\Users\Alunos\STM32CubeIDE\DiogoMafra2025DS\Projetos\ProjetoIntegrado01\MemoreGame\Core\Src\stm32f1xx_it.c
2025-04-29 15:38:26,038 [INFO] CodeEngine:229 - oldGeneratedFile, C:\Users\Alunos\STM32CubeIDE\DiogoMafra2025DS\Projetos\ProjetoIntegrado01\MemoreGame\Core\Inc\stm32f1xx_it.h_save
2025-04-29 15:38:26,123 [INFO] CodeEngine:247 - Generated code: C:\Users\Alunos\STM32CubeIDE\DiogoMafra2025DS\Projetos\ProjetoIntegrado01\MemoreGame\Core\Inc\stm32f1xx_it.h
2025-04-29 15:38:26,138 [INFO] CodeEngine:229 - oldGeneratedFile, C:\Users\Alunos\STM32CubeIDE\DiogoMafra2025DS\Projetos\ProjetoIntegrado01\MemoreGame\Core\Src\stm32f1xx_hal_msp.c_save
2025-04-29 15:38:26,201 [INFO] CodeEngine:247 - Generated code: C:\Users\Alunos\STM32CubeIDE\DiogoMafra2025DS\Projetos\ProjetoIntegrado01\MemoreGame\Core\Src\stm32f1xx_hal_msp.c
2025-04-29 15:38:26,216 [INFO] CodeEngine:229 - oldGeneratedFile, C:\Users\Alunos\STM32CubeIDE\DiogoMafra2025DS\Projetos\ProjetoIntegrado01\MemoreGame\MXTmpFiles\system.tmp_save
2025-04-29 15:38:26,251 [INFO] CodeEngine:247 - Generated code: C:\Users\Alunos\STM32CubeIDE\DiogoMafra2025DS\Projetos\ProjetoIntegrado01\MemoreGame\MXTmpFiles\system.tmp
2025-04-29 15:38:26,261 [INFO] CodeEngine:229 - oldGeneratedFile, C:\Users\Alunos\STM32CubeIDE\DiogoMafra2025DS\Projetos\ProjetoIntegrado01\MemoreGame\Core\Inc\stm32f1xx_hal_conf.h_save
2025-04-29 15:38:26,298 [INFO] CodeEngine:247 - Generated code: C:\Users\Alunos\STM32CubeIDE\DiogoMafra2025DS\Projetos\ProjetoIntegrado01\MemoreGame\Core\Inc\stm32f1xx_hal_conf.h
2025-04-29 15:38:26,339 [INFO] CodeEngine:229 - oldGeneratedFile, C:\Users\Alunos\STM32CubeIDE\DiogoMafra2025DS\Projetos\ProjetoIntegrado01\MemoreGame\Core\Inc\main.h_save
2025-04-29 15:38:26,370 [INFO] CodeEngine:247 - Generated code: C:\Users\Alunos\STM32CubeIDE\DiogoMafra2025DS\Projetos\ProjetoIntegrado01\MemoreGame\Core\Inc\main.h
2025-04-29 15:38:26,386 [INFO] CodeEngine:229 - oldGeneratedFile, C:\Users\Alunos\STM32CubeIDE\DiogoMafra2025DS\Projetos\ProjetoIntegrado01\MemoreGame\Core\Src\main.c_save
2025-04-29 15:38:26,439 [INFO] CodeEngine:247 - Generated code: C:\Users\Alunos\STM32CubeIDE\DiogoMafra2025DS\Projetos\ProjetoIntegrado01\MemoreGame\Core\Src\main.c
2025-04-29 15:38:26,879 [INFO] ProjectBuilder:2328 - Time for Copy HAL[1] : 140mS.
2025-04-29 15:38:26,889 [INFO] ProjectBuilder:3259 - Project Generator version: 3.11.2
2025-04-29 15:38:26,979 [INFO] ConfigFileManager:1238 - The Die is : DIE410
2025-04-29 15:38:26,999 [INFO] ApiDbMcu:456 - Load IP Config File for FATFS
2025-04-29 15:38:27,019 [INFO] ApiDbMcu:456 - Load IP Config File for FREERTOS
2025-04-29 15:38:27,029 [INFO] ApiDbMcu:456 - Load IP Config File for USB_DEVICE
2025-04-29 15:38:30,708 [INFO] ProjectBuilder:3425 - Time for Generating toolchain IDE Files: 3819mS.
2025-04-29 15:38:30,708 [INFO] ProjectBuilder:2207 - Time for Copy CMSIS : 0mS.
2025-04-29 15:38:30,708 [INFO] ProjectBuilder:2207 - Time for Copy CMSIS : 0mS.
2025-04-29 15:38:34,391 [INFO] ApiDb:263 - Save user favorites file C:\Users\Alunos/.stm32cubeide/favorites.mcus.txt: 0 item(s)
2025-04-29 15:38:34,391 [INFO] ApiDb:267 - User favorites MCUs=[]
2025-04-29 15:42:16,431 [INFO] Gpio:248 - dependency for GPIO [SYS]
2025-04-29 15:42:17,776 [INFO] Gpio:248 - dependency for GPIO [SYS]
2025-04-29 15:55:55,044 [INFO] Gpio:248 - dependency for GPIO [SYS]
2025-04-29 15:58:48,265 [INFO] Gpio:248 - dependency for GPIO [SYS]
2025-04-29 16:07:11,130 [INFO] UtilMem:74 - End SaveConfig() Used Memory: 898193096 Bytes (1073741824)
